[Licensing::Module] Trying to connect to existing licensing client channel...
Built from '6000.3/staging' branch; Version is '6000.3.24f1 (4e7b9b5b6244) revision 5143451'; Using compiler version '194234433'; Build Type 'Release'
OS: 'Windows 11  (10.0.26200) Enterprise' Language: 'en' Physical Memory: 16110 MB
BatchMode: 1, IsHumanControllingUs: 0, StartBugReporterOnCrash: 0, Is64bit: 1
System  architecture: x64
Process architecture: x64
Date: 2026-09-21T15:56:39Z
[Licensing::IpcConnector] Successfully connected to: "LicenseClient-ntra" at "2026-09-21T15:56:39.8647855Z"
[Licensing::Client] Code 10 while verifying Licensing Client signature (process Id: 11932, path: "C:/Program Files/Unity Hub/UnityLicensingClient_V1/Unity.Licensing.Client.exe")
[Licensing::Module] LicensingClient has failed validation; ignoring
[Licensing::Client] Handshaking with LicensingClient:
  Version:                 1.18.3+d7ffd15
  Session Id:              1518c12a61374b7db8abd6cf6135a11e
  Correlation Id:          db40b894241810ff1a53f08c646d2012
  External correlation Id: 2695458297063696264
  Machine Id:              JjeV95vTDtGmFXPamUYhzEngUGA=
[Licensing::Module] Successfully connected to LicensingClient on channel: "LicenseClient-ntra" (connect: 0.00s, validation: 0.00s, handshake: 0.09s)
[Licensing::IpcConnector] Successfully connected to: "LicenseClient-ntra-notifications" at "2026-09-21T15:56:39.9579743Z"
[Licensing::Module] Licensing Background thread has ended after 0.09s

COMMAND LINE ARGUMENTS:
C:\Program Files\Unity\Hub\Editor\6000.3.24f1\Editor\Unity.exe
-adb2
-batchMode
-noUpm
-name
AssetImportWorker1
-projectPath
C:/Users/ntra/Desktop/assignment1
-logFile
Logs/AssetImportWorker1.log
-srvPort
59744
-parentPid
22188
-analyticsCloudUserId
11270710871371
-analyticsCloudProjectId
9c08ce3a-2c4a-4126-ba3d-8f3a8bc13114
-analyticsLocalProjectId
e76148a86686aa649900c50f7f2c63e3
-editorAnalyticsEnabled
1
-cbmEditorLicense
caebc6518867c65621a0b8546589634020a5f62d
-cbmMachineId
JjeV95vTDtGmFXPamUYhzEngUGA=
-licensingIpc
LicenseClient-ntra
-job-worker-count
3
-background-job-worker-count
8
-gc-helper-count
1
-name
AssetImport
Successfully changed project path to: C:/Users/ntra/Desktop/assignment1
C:/Users/ntra/Desktop/assignment1
[UnityMemory] Configuration Parameters - Can be set up in boot.config
    "memorysetup-temp-allocator-size-nav-mesh-worker=65536"
    "memorysetup-temp-allocator-size-audio-worker=65536"
    "memorysetup-temp-allocator-size-gfx=262144"
    "memorysetup-allocator-temp-initial-block-size-main=262144"
    "memorysetup-allocator-temp-initial-block-size-worker=262144"
    "memorysetup-temp-allocator-size-background-worker=32768"
    "memorysetup-temp-allocator-size-job-worker=262144"
    "memorysetup-temp-allocator-size-preload-manager=33554432"
    "memorysetup-remapper-allocator-initial-capacity=32768"
    "memorysetup-temp-allocator-size-gi-baking-worker=262144"
    "memorysetup-temp-allocator-size-gi-baking-worker=262144"
    "memorysetup-temp-allocator-size-gi-baking-worker=262144"
    "memorysetup-temp-allocator-size-gi-baking-worker=262144"
    "memorysetup-temp-allocator-size-gi-baking-worker=262144"
    "memorysetup-bucket-allocator-granularity=16"
    "memorysetup-bucket-allocator-bucket-count=8"
    "memorysetup-bucket-allocator-block-size=33554432"
    "memorysetup-bucket-allocator-block-count=8"
    "memorysetup-main-allocator-block-size=16777216"
    "memorysetup-thread-allocator-block-size=16777216"
    "memorysetup-gfx-main-allocator-block-size=16777216"
    "memorysetup-gfx-thread-allocator-block-size=16777216"
    "memorysetup-cache-allocator-block-size=4194304"
    "memorysetup-typetree-allocator-block-size=2097152"
    "memorysetup-profiler-bucket-allocator-granularity=16"
    "memorysetup-profiler-bucket-allocator-bucket-count=8"
    "memorysetup-profiler-bucket-allocator-block-size=33554432"
    "memorysetup-profiler-bucket-allocator-block-count=8"
    "memorysetup-profiler-allocator-block-size=16777216"
    "memorysetup-profiler-editor-allocator-block-size=1048576"
    "memorysetup-temp-allocator-size-main=16777216"
    "memorysetup-job-temp-allocator-block-size=2097152"
    "memorysetup-job-temp-allocator-block-size-background=1048576"
    "memorysetup-job-temp-allocator-reduction-small-platforms=262144"
    "memorysetup-temp-allocator-size-cloud-worker=32768"
Player connection [11064]  Target information:

Player connection [11064]  * "[IP] 192.168.1.8 [Port] 0 [Flags] 2 [Guid] 1036321329 [EditorId] 1036321329 [Version] 1048832 [Id] WindowsEditor(7,NTRA-Vostro1) [Debug] 1 [PackageName] WindowsEditor [ProjectName] Editor" 

Player connection [11064] Host joined multi-casting on [225.0.0.222:54997]...
Player connection [11064] Host joined alternative multi-casting on [225.0.0.222:34997]...
JobSystem: Creating JobQueue using job-worker-count value 3
Input System module state changed to: Initialized.
[Physics::Module] Initialized fallback backend.
[Physics::Module] Id: 0xdecafbad
Library Redirect Path: Library/
[Physics::Module] Selected backend.
[Physics::Module] Name: PhysX
[Physics::Module] Id: 0xf2b8ea05
[Physics::Module] SDK Version: 4.1.2
[Physics::Module] Integration Version: 1.0.0
[Physics::Module] Threading Mode: Multi-Threaded
Refreshing native plugins compatible for Editor in 6.09 ms, found 4 plugins.
Preloading 0 native plugins for Editor in 0.00 ms.
Initialize engine version: 6000.3.24f1 (4e7b9b5b6244)
[Subsystems] Discovering subsystems at path C:/Program Files/Unity/Hub/Editor/6000.3.24f1/Editor/Data/Resources/UnitySubsystems
[Subsystems] Discovering subsystems at path C:/Users/ntra/Desktop/assignment1/Assets
GfxDevice: creating device client; kGfxThreadingModeNonThreaded
d3d12: failed to query info queue interface (0x80004002).
Direct3D:
    Version:         Direct3D 12 [level 12.1]
    Renderer:        Intel(R) Iris(R) Xe Graphics (ID=0x9a49)
    Vendor:          Intel
    VRAM:            8055 MB
    App VRAM Budget: 7396 MB
    Driver:          32.0.101.7077
    Unified Memory Architecture
    Cache Coherent UMA
Initialize mono
Mono path[0] = 'C:/Program Files/Unity/Hub/Editor/6000.3.24f1/Editor/Data/Managed'
Mono path[1] = 'C:/Program Files/Unity/Hub/Editor/6000.3.24f1/Editor/Data/MonoBleedingEdge/lib/mono/unityjit-win32'
Mono config path = 'C:/Program Files/Unity/Hub/Editor/6000.3.24f1/Editor/Data/MonoBleedingEdge/etc'
Using monoOptions --debugger-agent=transport=dt_socket,embedding=1,server=y,suspend=n,address=127.0.0.1:56300
Begin MonoManager ReloadAssembly
Registering precompiled unity dll's ...
Register platform support module: C:/Program Files/Unity/Hub/Editor/6000.3.24f1/Editor/Data/PlaybackEngines/WindowsStandaloneSupport/UnityEditor.WindowsStandalone.Extensions.dll
Registered in 0.003774 seconds.
- Loaded All Assemblies, in  0.839 seconds
Native extension for WindowsStandalone target not found
Package Manager log level set to [2]
[Package Manager] Failed to launch server process. Reason: Unity was launched with the -noUpm command-line argument
[Package Manager] Unable to send message (not connected to server process).
[Package Manager] Cannot connect to Unity Package Manager local server
ScheduleIndexationOnStartup MainProcess:False IndexOnStartup:True
Mono: successfully reloaded assembly
- Finished resetting the current domain, in  0.727 seconds
Domain Reload Profiling: 1560ms
	BeginReloadAssembly (283ms)
		ExecutionOrderSort (0ms)
		DisableScriptedObjects (0ms)
		BackupInstance (0ms)
		ReleaseScriptingObjects (0ms)
		CreateAndSetChildDomain (1ms)
	RebuildCommonClasses (75ms)
	RebuildNativeTypeToScriptingClass (29ms)
	initialDomainReloadingComplete (89ms)
	LoadAllAssembliesAndSetupDomain (357ms)
		LoadAssemblies (276ms)
		RebuildTransferFunctionScriptingTraits (0ms)
		AnalyzeDomain (352ms)
			TypeCache.Refresh (349ms)
				TypeCache.ScanAssembly (324ms)
			BuildScriptInfoCaches (0ms)
			ResolveRequiredComponents (1ms)
	FinalizeReload (727ms)
		ReleaseScriptCaches (0ms)
		RebuildScriptCaches (0ms)
		SetupLoadedEditorAssemblies (645ms)
			LogAssemblyErrors (0ms)
			InitializePlatformSupportModulesInManaged (116ms)
			SetLoadedEditorAssemblies (9ms)
			BeforeProcessingInitializeOnLoad (142ms)
			ProcessInitializeOnLoadAttributes (227ms)
			ProcessInitializeOnLoadMethodAttributes (150ms)
			AfterProcessingInitializeOnLoad (0ms)
			EditorAssembliesLoaded (0ms)
		ExecutionOrderSort2 (0ms)
		AwakeInstancesAfterBackupRestoration (0ms)
[Licensing::Client] Successfully resolved entitlement details
[Licensing::Module] License group:
  Id: 11270710871371-UnityPersXXXX
  Product: Unity Personal
  Type: Assigned
  Expiration: Unlimited
========================================================================
Worker process is ready to serve import requests
Import Worker Mode flag is 0x00
Begin MonoManager ReloadAssembly
- Loaded All Assemblies, in  1.538 seconds
Refreshing native plugins compatible for Editor in 2.37 ms, found 4 plugins.
Native extension for WindowsStandalone target not found
[Package Manager] Failed to launch server process. Reason: Unity was launched with the -noUpm command-line argument
[Package Manager] Unable to send message (not connected to server process).
[Package Manager] Cannot connect to Unity Package Manager local server
Refreshing native plugins compatible for Editor in 3.80 ms, found 4 plugins.
[Package Manager] Failed to launch server process. Reason: Unity was launched with the -noUpm command-line argument
[Package Manager] Unable to send message (not connected to server process).
[Package Manager] Cannot connect to Unity Package Manager local server
ScheduleIndexationOnStartup MainProcess:False IndexOnStartup:True
Mono: successfully reloaded assembly
- Finished resetting the current domain, in  1.411 seconds
Domain Reload Profiling: 2938ms
	BeginReloadAssembly (304ms)
		ExecutionOrderSort (0ms)
		DisableScriptedObjects (10ms)
		BackupInstance (0ms)
		ReleaseScriptingObjects (0ms)
		CreateAndSetChildDomain (50ms)
	RebuildCommonClasses (76ms)
	RebuildNativeTypeToScriptingClass (30ms)
	initialDomainReloadingComplete (80ms)
	LoadAllAssembliesAndSetupDomain (1036ms)
		LoadAssemblies (684ms)
		RebuildTransferFunctionScriptingTraits (0ms)
		AnalyzeDomain (525ms)
			TypeCache.Refresh (370ms)
				TypeCache.ScanAssembly (343ms)
			BuildScriptInfoCaches (123ms)
			ResolveRequiredComponents (23ms)
	FinalizeReload (1412ms)
		ReleaseScriptCaches (0ms)
		RebuildScriptCaches (0ms)
		SetupLoadedEditorAssemblies (1041ms)
			LogAssemblyErrors (0ms)
			InitializePlatformSupportModulesInManaged (3ms)
			SetLoadedEditorAssemblies (8ms)
			BeforeProcessingInitializeOnLoad (241ms)
			ProcessInitializeOnLoadAttributes (661ms)
			ProcessInitializeOnLoadMethodAttributes (119ms)
			AfterProcessingInitializeOnLoad (9ms)
			EditorAssembliesLoaded (1ms)
		ExecutionOrderSort2 (0ms)
		AwakeInstancesAfterBackupRestoration (12ms)
Launched and connected shader compiler UnityShaderCompiler.exe after 0.02 seconds
Refreshing native plugins compatible for Editor in 2.84 ms, found 4 plugins.
Preloading 0 native plugins for Editor in 0.00 ms.
Unloading 16 Unused Serialized files (Serialized files now loaded: 0)
Curl error 3: URL rejected: Malformed input to a URL function
Unloading 6644 unused Assets / (5.7 MB). Loaded Objects now: 7437.
Memory consumption went from 154.7 MB to 149.0 MB.
Total: 28.095000 ms (FindLiveObjects: 1.010400 ms CreateObjectMapping: 1.616700 ms MarkObjects: 16.509400 ms  DeleteObjects: 8.955900 ms)

========================================================================
Received Import Request.
  Time since last request: 116143.545677 seconds.
  path: Assets/Objects/monster1/Ogre/sourceimages/SkinColorMostro_NRM.png
  artifactKey: Guid(3454ccf509c7b2d4c868ffbab6d2e71f) Importer(815301076,1909f56bfc062723c751e8b465ee728b)
Start importing Assets/Objects/monster1/Ogre/sourceimages/SkinColorMostro_NRM.png using Guid(3454ccf509c7b2d4c868ffbab6d2e71f) Importer(815301076,1909f56bfc062723c751e8b465ee728b) (PreviewImporter) -> (artifact id: '3411cc2048f4c13afb57d4cdc156575c') in 0.134925 seconds
Number of updated asset objects reloaded before import = 0Number of asset objects unloaded after import = 2

========================================================================
Received Import Request.
  Time since last request: 0.000039 seconds.
  path: Assets/Objects/monster1/Ogre/sourceimages/SkinColorMostro_SPEC.png
  artifactKey: Guid(e267e546eac65114da7b2fd85a94596f) Importer(815301076,1909f56bfc062723c751e8b465ee728b)
Start importing Assets/Objects/monster1/Ogre/sourceimages/SkinColorMostro_SPEC.png using Guid(e267e546eac65114da7b2fd85a94596f) Importer(815301076,1909f56bfc062723c751e8b465ee728b) (PreviewImporter) -> (artifact id: '9deb53d8455196294b15bfe8a5ff7d28') in 0.0270965 seconds
Number of updated asset objects reloaded before import = 0Number of asset objects unloaded after import = 2

========================================================================
Received Import Request.
  Time since last request: 401.220268 seconds.
  path: Assets/Objects/Monster2
  artifactKey: Guid(8ff55e28f18955a488115097b8625860) Importer(2089858483,b0f066a214c2f5e87bad3c948f4d605d)
Start importing Assets/Objects/Monster2 using Guid(8ff55e28f18955a488115097b8625860) Importer(2089858483,b0f066a214c2f5e87bad3c948f4d605d) (ScriptedImporter) -> (artifact id: 'cd622adb6239cbc63cc40e7d139f311c') in 0.0646749 seconds
Number of updated asset objects reloaded before import = 0Number of asset objects unloaded after import = 1

========================================================================
Received Import Request.
  Time since last request: 0.000026 seconds.
  path: Assets/Objects/Monster2/Monster.obj
  artifactKey: Guid(62fd5266bb32a9a4d87b7a9cc04e7caa) Importer(2089858483,b0f066a214c2f5e87bad3c948f4d605d)
Start importing Assets/Objects/Monster2/Monster.obj using Guid(62fd5266bb32a9a4d87b7a9cc04e7caa) Importer(2089858483,b0f066a214c2f5e87bad3c948f4d605d) (ScriptedImporter) -> (artifact id: '0fef7899035c6d224f88504a113e7ce4') in 0.1207152 seconds
Number of updated asset objects reloaded before import = 0Number of asset objects unloaded after import = 10

========================================================================
Received Import Request.
  Time since last request: 2.842465 seconds.
  path: Assets/Objects/Monster2/Monster.obj
  artifactKey: Guid(62fd5266bb32a9a4d87b7a9cc04e7caa) Importer(815301076,1909f56bfc062723c751e8b465ee728b)
Start importing Assets/Objects/Monster2/Monster.obj using Guid(62fd5266bb32a9a4d87b7a9cc04e7caa) Importer(815301076,1909f56bfc062723c751e8b465ee728b) (PreviewImporter) -> (artifact id: '5e2a0b6472eab98b0f4791bb60cdffe5') in 0.591884 seconds
Number of updated asset objects reloaded before import = 0Number of asset objects unloaded after import = 10

========================================================================
Received Import Request.
  Time since last request: 275.718259 seconds.
  path: Assets/Objects/monster1/Texture/Materials/SkinColorMostro_COLOR.mat
  artifactKey: Guid(d2c961e5061b00946a8806cb8dbfe34a) Importer(2089858483,b0f066a214c2f5e87bad3c948f4d605d)
Start importing Assets/Objects/monster1/Texture/Materials/SkinColorMostro_COLOR.mat using Guid(d2c961e5061b00946a8806cb8dbfe34a) Importer(2089858483,b0f066a214c2f5e87bad3c948f4d605d) (ScriptedImporter) -> (artifact id: 'e8ff10c7f4a574bcf00a7d56033a4907') in 0.0200241 seconds
Number of updated asset objects reloaded before import = 0Number of asset objects unloaded after import = 2

========================================================================
Received Import Request.
  Time since last request: 296.972025 seconds.
  path: Assets/Objects/monster3/Troll.fbx
  artifactKey: Guid(f1a7bf806d5fe7f46a20e94076a2cc34) Importer(2089858483,b0f066a214c2f5e87bad3c948f4d605d)
Start importing Assets/Objects/monster3/Troll.fbx using Guid(f1a7bf806d5fe7f46a20e94076a2cc34) Importer(2089858483,b0f066a214c2f5e87bad3c948f4d605d) (ScriptedImporter) -> (artifact id: '8a1bda262a9dc613d2711bb5a00cacf8') in 0.0275682 seconds
Number of updated asset objects reloaded before import = 0Number of asset objects unloaded after import = 59

========================================================================
Received Import Request.
  Time since last request: 0.000056 seconds.
  path: Assets/Objects/monster3
  artifactKey: Guid(92b0b86d3a5131845a77e05beb953381) Importer(2089858483,b0f066a214c2f5e87bad3c948f4d605d)
Start importing Assets/Objects/monster3 using Guid(92b0b86d3a5131845a77e05beb953381) Importer(2089858483,b0f066a214c2f5e87bad3c948f4d605d) (ScriptedImporter) -> (artifact id: '2d1e634f1afc4fa52484cf42caf98440') in 0.0117473 seconds
Number of updated asset objects reloaded before import = 0Number of asset objects unloaded after import = 1

========================================================================
Received Import Request.
  Time since last request: 8.413211 seconds.
  path: Assets/Objects/monster3/Troll.png
  artifactKey: Guid(6750932e5d41cb84e9a45e84b5d25288) Importer(815301076,1909f56bfc062723c751e8b465ee728b)
Start importing Assets/Objects/monster3/Troll.png using Guid(6750932e5d41cb84e9a45e84b5d25288) Importer(815301076,1909f56bfc062723c751e8b465ee728b) (PreviewImporter) -> (artifact id: '7903145222fcf98093fe645624b49333') in 0.0315435 seconds
Number of updated asset objects reloaded before import = 0Number of asset objects unloaded after import = 2

========================================================================
Received Import Request.
  Time since last request: 0.000083 seconds.
  path: Assets/Objects/monster3/Trollo.obj
  artifactKey: Guid(a486e61a59ac6b4449be27361627e7e1) Importer(815301076,1909f56bfc062723c751e8b465ee728b)
Start importing Assets/Objects/monster3/Trollo.obj using Guid(a486e61a59ac6b4449be27361627e7e1) Importer(815301076,1909f56bfc062723c751e8b465ee728b) (PreviewImporter) -> (artifact id: '369e764c9524613a96ad7ebd5063d9f6') in 0.0616461 seconds
Number of updated asset objects reloaded before import = 0Number of asset objects unloaded after import = 10

========================================================================
Received Import Request.
  Time since last request: 16.967761 seconds.
  path: Assets/Objects/monster3/Materials/Troll.mat
  artifactKey: Guid(b7d7408d28860c94588baf336cfd9b5a) Importer(2089858483,b0f066a214c2f5e87bad3c948f4d605d)
Start importing Assets/Objects/monster3/Materials/Troll.mat using Guid(b7d7408d28860c94588baf336cfd9b5a) Importer(2089858483,b0f066a214c2f5e87bad3c948f4d605d) (ScriptedImporter) -> (artifact id: '8356361c91c3fd921d0db72bb7d942ee') in 0.0411513 seconds
Number of updated asset objects reloaded before import = 0Number of asset objects unloaded after import = 2

========================================================================
Received Import Request.
  Time since last request: 364.239364 seconds.
  path: Assets/Objects/monster1/Texture/Materials/SkinColorMostro_NRM.mat
  artifactKey: Guid(75991fe6521164f41bab30eba09dcbbf) Importer(815301076,1909f56bfc062723c751e8b465ee728b)
Start importing Assets/Objects/monster1/Texture/Materials/SkinColorMostro_NRM.mat using Guid(75991fe6521164f41bab30eba09dcbbf) Importer(815301076,1909f56bfc062723c751e8b465ee728b) (PreviewImporter) -> (artifact id: '445b9a0cb6827e7e9b14c9e6fdd63112') in 0.0320992 seconds
Number of updated asset objects reloaded before import = 0Number of asset objects unloaded after import = 2

========================================================================
Received Import Request.
  Time since last request: 94.932464 seconds.
  path: Assets/Objects/monster1/OgreOBJ.obj
  artifactKey: Guid(85b8b943018b71e499676de128f2963d) Importer(815301076,1909f56bfc062723c751e8b465ee728b)
Start importing Assets/Objects/monster1/OgreOBJ.obj using Guid(85b8b943018b71e499676de128f2963d) Importer(815301076,1909f56bfc062723c751e8b465ee728b) (PreviewImporter) -> (artifact id: 'd15e570d7ab1349c54dffacf487e4651') in 0.0717899 seconds
Number of updated asset objects reloaded before import = 0Number of asset objects unloaded after import = 11

========================================================================
Received Import Request.
  Time since last request: 15.098740 seconds.
  path: Assets/Materials/monster3.mat
  artifactKey: Guid(3f78e887d487aea4da483330fe551826) Importer(2089858483,b0f066a214c2f5e87bad3c948f4d605d)
Start importing Assets/Materials/monster3.mat using Guid(3f78e887d487aea4da483330fe551826) Importer(2089858483,b0f066a214c2f5e87bad3c948f4d605d) (ScriptedImporter) -> (artifact id: '90a7919e49f4edcca5ec81eb8e67e296') in 0.0214941 seconds
Number of updated asset objects reloaded before import = 0Number of asset objects unloaded after import = 2

========================================================================
Received Import Request.
  Time since last request: 18.030344 seconds.
  path: Assets/Materials/SkinColorMostro_COLOR.mat
  artifactKey: Guid(612a88e2dff00df40a708edb12e587fa) Importer(815301076,1909f56bfc062723c751e8b465ee728b)
Start importing Assets/Materials/SkinColorMostro_COLOR.mat using Guid(612a88e2dff00df40a708edb12e587fa) Importer(815301076,1909f56bfc062723c751e8b465ee728b) (PreviewImporter) -> (artifact id: 'e13adc0a9b549beebd98babd4ed65b57') in 0.02764 seconds
Number of updated asset objects reloaded before import = 0Number of asset objects unloaded after import = 2

========================================================================
Received Import Request.
  Time since last request: 292.758806 seconds.
  path: Assets/Objects/monster4/FAF_Monster1.OBJ
  artifactKey: Guid(7ed97412aae3a584d855d44b5e5535f4) Importer(2089858483,b0f066a214c2f5e87bad3c948f4d605d)
Start importing Assets/Objects/monster4/FAF_Monster1.OBJ using Guid(7ed97412aae3a584d855d44b5e5535f4) Importer(2089858483,b0f066a214c2f5e87bad3c948f4d605d) (ScriptedImporter)d3d12: upload buffer was too small for the requested resource! Size: 16777216. Requested: 77949120.
 -> (artifact id: '4c11e5a1b36d3841cf7197c34cb169f8') in 0.2479083 seconds
Number of updated asset objects reloaded before import = 0Number of asset objects unloaded after import = 28

========================================================================
Received Import Request.
  Time since last request: 302.578459 seconds.
  path: Assets/Materials/SkinColorMostro_COLOR.mat
  artifactKey: Guid(612a88e2dff00df40a708edb12e587fa) Importer(2089858483,b0f066a214c2f5e87bad3c948f4d605d)
Start importing Assets/Materials/SkinColorMostro_COLOR.mat using Guid(612a88e2dff00df40a708edb12e587fa) Importer(2089858483,b0f066a214c2f5e87bad3c948f4d605d) (ScriptedImporter) -> (artifact id: '784b4a906a74eca6ac7d92084af2fa40') in 0.0306655 seconds
Number of updated asset objects reloaded before import = 0Number of asset objects unloaded after import = 2

========================================================================
Received Import Request.
  Time since last request: 143.048726 seconds.
  path: Assets/Materials/SkinColorMostro_COLOR.mat
  artifactKey: Guid(612a88e2dff00df40a708edb12e587fa) Importer(815301076,1909f56bfc062723c751e8b465ee728b)
Start importing Assets/Materials/SkinColorMostro_COLOR.mat using Guid(612a88e2dff00df40a708edb12e587fa) Importer(815301076,1909f56bfc062723c751e8b465ee728b) (PreviewImporter) -> (artifact id: 'b9185238329e70bb70b355aaa3d9b9aa') in 0.0278227 seconds
Number of updated asset objects reloaded before import = 0Number of asset objects unloaded after import = 2

========================================================================
Received Import Request.
  Time since last request: 490.765220 seconds.
  path: Assets/Objects/Diamond/Diamond.3ds
  artifactKey: Guid(f5336e5d1feccb34ea56eddcae4c6b02) Importer(2089858483,b0f066a214c2f5e87bad3c948f4d605d)
Start importing Assets/Objects/Diamond/Diamond.3ds using Guid(f5336e5d1feccb34ea56eddcae4c6b02) Importer(2089858483,b0f066a214c2f5e87bad3c948f4d605d) (ScriptedImporter) -> (artifact id: '273eb5cbca7060a5406254b1769980aa') in 0.0987476 seconds
Number of updated asset objects reloaded before import = 0Number of asset objects unloaded after import = 122

========================================================================
Received Import Request.
  Time since last request: 0.000060 seconds.
  path: Assets/Objects/Diamond/Diamond.jpg
  artifactKey: Guid(7b89324e3c21fc44f8f5ecbaab1cc06b) Importer(2089858483,b0f066a214c2f5e87bad3c948f4d605d)
Start importing Assets/Objects/Diamond/Diamond.jpg using Guid(7b89324e3c21fc44f8f5ecbaab1cc06b) Importer(2089858483,b0f066a214c2f5e87bad3c948f4d605d) (ScriptedImporter) -> (artifact id: '57cab1aef6f47899425376548ee04393') in 0.0780694 seconds
Number of updated asset objects reloaded before import = 0Number of asset objects unloaded after import = 1

========================================================================
Received Import Request.
  Time since last request: 0.000042 seconds.
  path: Assets/Objects/Diamond
  artifactKey: Guid(abccd29ed3e948b4d8d629152ba2c328) Importer(2089858483,b0f066a214c2f5e87bad3c948f4d605d)
Start importing Assets/Objects/Diamond using Guid(abccd29ed3e948b4d8d629152ba2c328) Importer(2089858483,b0f066a214c2f5e87bad3c948f4d605d) (ScriptedImporter) -> (artifact id: 'c5941fd51940a564eadc8aae4d973e11') in 0.012231 seconds
Number of updated asset objects reloaded before import = 0Number of asset objects unloaded after import = 1

========================================================================
Received Import Request.
  Time since last request: 3.119922 seconds.
  path: Assets/Objects/Diamond/Diamond.jpg
  artifactKey: Guid(7b89324e3c21fc44f8f5ecbaab1cc06b) Importer(815301076,1909f56bfc062723c751e8b465ee728b)
Start importing Assets/Objects/Diamond/Diamond.jpg using Guid(7b89324e3c21fc44f8f5ecbaab1cc06b) Importer(815301076,1909f56bfc062723c751e8b465ee728b) (PreviewImporter) -> (artifact id: 'e5e780ef73e1cdacc0fc69c894b929b3') in 0.0385536 seconds
Number of updated asset objects reloaded before import = 0Number of asset objects unloaded after import = 2

========================================================================
Received Import Request.
  Time since last request: 0.000038 seconds.
  path: Assets/Objects/Diamond/Diamond.obj
  artifactKey: Guid(514bb1972416f4747aa49a2e66203490) Importer(815301076,1909f56bfc062723c751e8b465ee728b)
Start importing Assets/Objects/Diamond/Diamond.obj using Guid(514bb1972416f4747aa49a2e66203490) Importer(815301076,1909f56bfc062723c751e8b465ee728b) (PreviewImporter) -> (artifact id: 'e97c0c929c3fa2c1b702f80ed7fddfdb') in 0.4765519 seconds
Number of updated asset objects reloaded before import = 0Number of asset objects unloaded after import = 106

========================================================================
Received Import Request.
  Time since last request: 136.289526 seconds.
  path: Assets/Materials/monster2skin.mat
  artifactKey: Guid(b4ab6881aeec2894994c45484c81d8ce) Importer(815301076,1909f56bfc062723c751e8b465ee728b)
Start importing Assets/Materials/monster2skin.mat using Guid(b4ab6881aeec2894994c45484c81d8ce) Importer(815301076,1909f56bfc062723c751e8b465ee728b) (PreviewImporter) -> (artifact id: '1f9b905906ee2dcf41051d2ed0253828') in 0.0347912 seconds
Number of updated asset objects reloaded before import = 0Number of asset objects unloaded after import = 2

========================================================================
Received Import Request.
  Time since last request: 155.830449 seconds.
  path: Assets/Objects/Diamond/Materials/Diamond.mat
  artifactKey: Guid(02ce2d9e5d3c1d445826f28e4ffb75a7) Importer(2089858483,b0f066a214c2f5e87bad3c948f4d605d)
Start importing Assets/Objects/Diamond/Materials/Diamond.mat using Guid(02ce2d9e5d3c1d445826f28e4ffb75a7) Importer(2089858483,b0f066a214c2f5e87bad3c948f4d605d) (ScriptedImporter) -> (artifact id: 'bc5cd2fa9c1add7d5a3db38de4c286a7') in 0.0190554 seconds
Number of updated asset objects reloaded before import = 0Number of asset objects unloaded after import = 2

========================================================================
Received Import Request.
  Time since last request: 463.321257 seconds.
  path: Assets/Objects/gold
  artifactKey: Guid(73e3027f21ab36f449affd09898fd380) Importer(2089858483,b0f066a214c2f5e87bad3c948f4d605d)
Start importing Assets/Objects/gold using Guid(73e3027f21ab36f449affd09898fd380) Importer(2089858483,b0f066a214c2f5e87bad3c948f4d605d) (ScriptedImporter) -> (artifact id: '9ff8585a95f9b23633776f9b644e4596') in 0.0216864 seconds
Number of updated asset objects reloaded before import = 0Number of asset objects unloaded after import = 1

========================================================================
Received Import Request.
  Time since last request: 0.000075 seconds.
  path: Assets/Objects/gold/13450_Bag_of_Gold_v1_L3.mtl
  artifactKey: Guid(7d1f9db46479bbd47941de0bc0963d3a) Importer(2089858483,b0f066a214c2f5e87bad3c948f4d605d)
Start importing Assets/Objects/gold/13450_Bag_of_Gold_v1_L3.mtl using Guid(7d1f9db46479bbd47941de0bc0963d3a) Importer(2089858483,b0f066a214c2f5e87bad3c948f4d605d) (ScriptedImporter) -> (artifact id: 'b11d5c177f007704d8814c1d0399bf64') in 0.0157013 seconds
Number of updated asset objects reloaded before import = 0Number of asset objects unloaded after import = 1

========================================================================
Received Import Request.
  Time since last request: 1.865617 seconds.
  path: Assets/Objects/gold/13450_Bag_of_Gold_v1_L3.obj
  artifactKey: Guid(e91940dc6a848f0488295270a5514ad4) Importer(815301076,1909f56bfc062723c751e8b465ee728b)
Start importing Assets/Objects/gold/13450_Bag_of_Gold_v1_L3.obj using Guid(e91940dc6a848f0488295270a5514ad4) Importer(815301076,1909f56bfc062723c751e8b465ee728b) (PreviewImporter) -> (artifact id: '4fb244ec5892e1a781cef65bbbe9d61b') in 0.0987018 seconds
Number of updated asset objects reloaded before import = 0Number of asset objects unloaded after import = 11

========================================================================
Received Import Request.
  Time since last request: 891.381000 seconds.
  path: Assets/Objects/gun1/revolver.fbx
  artifactKey: Guid(6df04e3edd989f84a92093ff5c0527e4) Importer(2089858483,b0f066a214c2f5e87bad3c948f4d605d)
Start importing Assets/Objects/gun1/revolver.fbx using Guid(6df04e3edd989f84a92093ff5c0527e4) Importer(2089858483,b0f066a214c2f5e87bad3c948f4d605d) (ScriptedImporter) -> (artifact id: '869eff28e1fbb14e04682e2cba96a117') in 0.0747799 seconds
Number of updated asset objects reloaded before import = 0Number of asset objects unloaded after import = 30

========================================================================
Received Import Request.
  Time since last request: 3.536245 seconds.
  path: Assets/Objects/gun2/Glock.fbx
  artifactKey: Guid(2a7efc491293e0a46b809380385f57ce) Importer(2089858483,b0f066a214c2f5e87bad3c948f4d605d)
Start importing Assets/Objects/gun2/Glock.fbx using Guid(2a7efc491293e0a46b809380385f57ce) Importer(2089858483,b0f066a214c2f5e87bad3c948f4d605d) (ScriptedImporter) -> (artifact id: 'e55ef215e7e0faaec5ea12af76d3e3b0') in 0.0415477 seconds
Number of updated asset objects reloaded before import = 0Number of asset objects unloaded after import = 22

========================================================================
Received Import Request.
  Time since last request: 117.492569 seconds.
  path: Assets/Materials/gun2.mat
  artifactKey: Guid(fa30d0fa8c09c1146be35aeec6b2f8fb) Importer(815301076,1909f56bfc062723c751e8b465ee728b)
Start importing Assets/Materials/gun2.mat using Guid(fa30d0fa8c09c1146be35aeec6b2f8fb) Importer(815301076,1909f56bfc062723c751e8b465ee728b) (PreviewImporter) -> (artifact id: '2d052532e0202772e15f1f0aeaf6dc69') in 0.0360403 seconds
Number of updated asset objects reloaded before import = 0Number of asset objects unloaded after import = 2

========================================================================
Received Import Request.
  Time since last request: 439.308548 seconds.
  path: Assets/Objects/sword/handgrip_bump.jpg
  artifactKey: Guid(7192184973ef1a64b8a4e161ef1997b3) Importer(2089858483,b0f066a214c2f5e87bad3c948f4d605d)
Start importing Assets/Objects/sword/handgrip_bump.jpg using Guid(7192184973ef1a64b8a4e161ef1997b3) Importer(2089858483,b0f066a214c2f5e87bad3c948f4d605d) (ScriptedImporter) -> (artifact id: '6e854a020b24e5fd4f343b1498a357e7') in 0.0372356 seconds
Number of updated asset objects reloaded before import = 0Number of asset objects unloaded after import = 1

========================================================================
Received Import Request.
  Time since last request: 0.000056 seconds.
  path: Assets/Objects/sword/katana.3DS
  artifactKey: Guid(d11129a34d360464a89296e565071184) Importer(2089858483,b0f066a214c2f5e87bad3c948f4d605d)
Start importing Assets/Objects/sword/katana.3DS using Guid(d11129a34d360464a89296e565071184) Importer(2089858483,b0f066a214c2f5e87bad3c948f4d605d) (ScriptedImporter) -> (artifact id: 'a71d3fb9172a90259b2705a2330d24f1') in 0.0444408 seconds
Number of updated asset objects reloaded before import = 0Number of asset objects unloaded after import = 34

========================================================================
Received Import Request.
  Time since last request: 0.000038 seconds.
  path: Assets/Objects/sword/katana.obj
  artifactKey: Guid(c83eebedf8cee214b806c544f673f840) Importer(2089858483,b0f066a214c2f5e87bad3c948f4d605d)
Start importing Assets/Objects/sword/katana.obj using Guid(c83eebedf8cee214b806c544f673f840) Importer(2089858483,b0f066a214c2f5e87bad3c948f4d605d) (ScriptedImporter) -> (artifact id: 'a2fd83b05d7304a09ef0546ed8a85d18') in 0.0278717 seconds
Number of updated asset objects reloaded before import = 0Number of asset objects unloaded after import = 32

========================================================================
Received Import Request.
  Time since last request: 0.000036 seconds.
  path: Assets/Objects/sword/katana.max
  artifactKey: Guid(1932a72d9b8eb2f47afd38a67d1466c5) Importer(2089858483,b0f066a214c2f5e87bad3c948f4d605d)
Start importing Assets/Objects/sword/katana.max using Guid(1932a72d9b8eb2f47afd38a67d1466c5) Importer(2089858483,b0f066a214c2f5e87bad3c948f4d605d) (ScriptedImporter) -> (artifact id: 'dddffeb7b02fddd3ff4775fa2a4afade') in 0.0151618 seconds
Number of updated asset objects reloaded before import = 0Number of asset objects unloaded after import = 1

========================================================================
Received Import Request.
  Time since last request: 0.000029 seconds.
  path: Assets/Objects/sword/Priviewe.png
  artifactKey: Guid(138bc97b52b07064da86b64c30dbefed) Importer(2089858483,b0f066a214c2f5e87bad3c948f4d605d)
Start importing Assets/Objects/sword/Priviewe.png using Guid(138bc97b52b07064da86b64c30dbefed) Importer(2089858483,b0f066a214c2f5e87bad3c948f4d605d) (ScriptedImporter) -> (artifact id: '3bf7c9e31a544df0461d441564351df9') in 0.023027 seconds
Number of updated asset objects reloaded before import = 0Number of asset objects unloaded after import = 1

========================================================================
Received Import Request.
  Time since last request: 3.813388 seconds.
  path: Assets/Objects/sword/handgrip_color.jpg
  artifactKey: Guid(802d84ced44deb847b0ad2070984b48d) Importer(815301076,1909f56bfc062723c751e8b465ee728b)
Start importing Assets/Objects/sword/handgrip_color.jpg using Guid(802d84ced44deb847b0ad2070984b48d) Importer(815301076,1909f56bfc062723c751e8b465ee728b) (PreviewImporter) -> (artifact id: '0b9435caef753fc23f4b466020d8a36d') in 0.0257033 seconds
Number of updated asset objects reloaded before import = 0Number of asset objects unloaded after import = 2

========================================================================
Received Import Request.
  Time since last request: 0.000047 seconds.
  path: Assets/Objects/sword/katana.obj
  artifactKey: Guid(c83eebedf8cee214b806c544f673f840) Importer(815301076,1909f56bfc062723c751e8b465ee728b)
Start importing Assets/Objects/sword/katana.obj using Guid(c83eebedf8cee214b806c544f673f840) Importer(815301076,1909f56bfc062723c751e8b465ee728b) (PreviewImporter) -> (artifact id: 'e756a1225ae7f69ad721e98f29a1a7c6') in 0.1154091 seconds
Number of updated asset objects reloaded before import = 0Number of asset objects unloaded after import = 32

========================================================================
Received Import Request.
  Time since last request: 0.000060 seconds.
  path: Assets/Objects/sword/Priviewe.png
  artifactKey: Guid(138bc97b52b07064da86b64c30dbefed) Importer(815301076,1909f56bfc062723c751e8b465ee728b)
Start importing Assets/Objects/sword/Priviewe.png using Guid(138bc97b52b07064da86b64c30dbefed) Importer(815301076,1909f56bfc062723c751e8b465ee728b) (PreviewImporter) -> (artifact id: '4b05615507a0594956e295d391a67f1f') in 0.0134973 seconds
Number of updated asset objects reloaded before import = 0Number of asset objects unloaded after import = 2

========================================================================
Received Import Request.
  Time since last request: 0.000078 seconds.
  path: Assets/Objects/sword/katana.3DS
  artifactKey: Guid(d11129a34d360464a89296e565071184) Importer(815301076,1909f56bfc062723c751e8b465ee728b)
Start importing Assets/Objects/sword/katana.3DS using Guid(d11129a34d360464a89296e565071184) Importer(815301076,1909f56bfc062723c751e8b465ee728b) (PreviewImporter) -> (artifact id: '78a452c1436c19aad6431cc6b0afad29') in 0.0917549 seconds
Number of updated asset objects reloaded before import = 0Number of asset objects unloaded after import = 34

========================================================================
Received Import Request.
  Time since last request: 45.149138 seconds.
  path: Assets/Objects/sword/Materials/Priviewe2.mat
  artifactKey: Guid(0609509110c88e548952dfaad4604f06) Importer(2089858483,b0f066a214c2f5e87bad3c948f4d605d)
Start importing Assets/Objects/sword/Materials/Priviewe2.mat using Guid(0609509110c88e548952dfaad4604f06) Importer(2089858483,b0f066a214c2f5e87bad3c948f4d605d) (ScriptedImporter) -> (artifact id: 'a03a6d8b52dc73fb053e70504d3769c3') in 0.0150704 seconds
Number of updated asset objects reloaded before import = 0Number of asset objects unloaded after import = 2

========================================================================
Received Import Request.
  Time since last request: 406.913042 seconds.
  path: Assets/Objects/key
  artifactKey: Guid(997f7caa20e296240b28d72ed44c00cc) Importer(2089858483,b0f066a214c2f5e87bad3c948f4d605d)
Start importing Assets/Objects/key using Guid(997f7caa20e296240b28d72ed44c00cc) Importer(2089858483,b0f066a214c2f5e87bad3c948f4d605d) (ScriptedImporter) -> (artifact id: '89171126dc00fa0b52efee1a55758f2a') in 0.0168598 seconds
Number of updated asset objects reloaded before import = 0Number of asset objects unloaded after import = 1

========================================================================
Received Import Request.
  Time since last request: 0.000086 seconds.
  path: Assets/Objects/key/pendant_key_bump.jpg
  artifactKey: Guid(1752fda8996a7254b981a2c2533e91a9) Importer(2089858483,b0f066a214c2f5e87bad3c948f4d605d)
Start importing Assets/Objects/key/pendant_key_bump.jpg using Guid(1752fda8996a7254b981a2c2533e91a9) Importer(2089858483,b0f066a214c2f5e87bad3c948f4d605d) (ScriptedImporter) -> (artifact id: '0b012442ad8ff117293789f777433a09') in 0.0214506 seconds
Number of updated asset objects reloaded before import = 0Number of asset objects unloaded after import = 1

========================================================================
Received Import Request.
  Time since last request: 3.797915 seconds.
  path: Assets/Objects/key/pendant_key_bump.jpg
  artifactKey: Guid(1752fda8996a7254b981a2c2533e91a9) Importer(815301076,1909f56bfc062723c751e8b465ee728b)
Start importing Assets/Objects/key/pendant_key_bump.jpg using Guid(1752fda8996a7254b981a2c2533e91a9) Importer(815301076,1909f56bfc062723c751e8b465ee728b) (PreviewImporter) -> (artifact id: 'fa2b24031690e641f2c35bfbb0ff0d40') in 0.0338742 seconds
Number of updated asset objects reloaded before import = 0Number of asset objects unloaded after import = 2

========================================================================
Received Import Request.
  Time since last request: 834.413663 seconds.
  path: Assets/Materials/Ground.mat
  artifactKey: Guid(36372908dcea3e1429c68930a83bb356) Importer(815301076,1909f56bfc062723c751e8b465ee728b)
Start importing Assets/Materials/Ground.mat using Guid(36372908dcea3e1429c68930a83bb356) Importer(815301076,1909f56bfc062723c751e8b465ee728b) (PreviewImporter) -> (artifact id: 'c547f010e7c559958fb7549662b3e76b') in 0.0456962 seconds
Number of updated asset objects reloaded before import = 0Number of asset objects unloaded after import = 2

========================================================================
Received Import Request.
  Time since last request: 627.579834 seconds.
  path: Assets/Objects/Cowboy_Lassoing_v1_L1.123c8a36aa9f-bd9a-49ba-9455-e2408025f05d
  artifactKey: Guid(60ee98453c1c46141bf7a01812b94a42) Importer(2089858483,b0f066a214c2f5e87bad3c948f4d605d)
Start importing Assets/Objects/Cowboy_Lassoing_v1_L1.123c8a36aa9f-bd9a-49ba-9455-e2408025f05d using Guid(60ee98453c1c46141bf7a01812b94a42) Importer(2089858483,b0f066a214c2f5e87bad3c948f4d605d) (ScriptedImporter) -> (artifact id: 'fc668133a56e28b63a624f8184c03500') in 0.0134515 seconds
Number of updated asset objects reloaded before import = 0Number of asset objects unloaded after import = 1

========================================================================
Received Import Request.
  Time since last request: 0.000067 seconds.
  path: Assets/Objects/Cowboy_Lassoing_v1_L1.123c8a36aa9f-bd9a-49ba-9455-e2408025f05d/Blank image.jpg
  artifactKey: Guid(992f0b932806de74cacb4876e575a559) Importer(2089858483,b0f066a214c2f5e87bad3c948f4d605d)
Start importing Assets/Objects/Cowboy_Lassoing_v1_L1.123c8a36aa9f-bd9a-49ba-9455-e2408025f05d/Blank image.jpg using Guid(992f0b932806de74cacb4876e575a559) Importer(2089858483,b0f066a214c2f5e87bad3c948f4d605d) (ScriptedImporter) -> (artifact id: '4a2d614da2fcab88553af4d946dae166') in 0.0165434 seconds
Number of updated asset objects reloaded before import = 0Number of asset objects unloaded after import = 1

========================================================================
Received Import Request.
  Time since last request: 397.610899 seconds.
  path: Assets/Objects/soldier/14074_WWII_Soldier_with_flame_thrower_diff.jpg
  artifactKey: Guid(00da7bd5303481744ba37f5d5124b947) Importer(2089858483,b0f066a214c2f5e87bad3c948f4d605d)
Start importing Assets/Objects/soldier/14074_WWII_Soldier_with_flame_thrower_diff.jpg using Guid(00da7bd5303481744ba37f5d5124b947) Importer(2089858483,b0f066a214c2f5e87bad3c948f4d605d) (ScriptedImporter) -> (artifact id: '9619ae2f1a7b1527c7f5d57ce47db6dd') in 0.0397847 seconds
Number of updated asset objects reloaded before import = 0Number of asset objects unloaded after import = 1

========================================================================
Received Import Request.
  Time since last request: 0.000062 seconds.
  path: Assets/Objects/soldier
  artifactKey: Guid(54651671b38784147a9578c3d88acaf6) Importer(2089858483,b0f066a214c2f5e87bad3c948f4d605d)
Start importing Assets/Objects/soldier using Guid(54651671b38784147a9578c3d88acaf6) Importer(2089858483,b0f066a214c2f5e87bad3c948f4d605d) (ScriptedImporter) -> (artifact id: 'cdef30d5178d047b2cd4a407ceddc8f8') in 0.012707 seconds
Number of updated asset objects reloaded before import = 0Number of asset objects unloaded after import = 1

========================================================================
Received Import Request.
  Time since last request: 10.460584 seconds.
  path: Assets/Objects/soldier/14074_WWII_Soldier_with_Flamethrower_v1_l1.obj
  artifactKey: Guid(66a6310793ebb0841a5fdd792b2aef62) Importer(815301076,1909f56bfc062723c751e8b465ee728b)
Start importing Assets/Objects/soldier/14074_WWII_Soldier_with_Flamethrower_v1_l1.obj using Guid(66a6310793ebb0841a5fdd792b2aef62) Importer(815301076,1909f56bfc062723c751e8b465ee728b) (PreviewImporter) -> (artifact id: '344a76f7c233e752bc43d4e239b2e494') in 0.0715412 seconds
Number of updated asset objects reloaded before import = 0Number of asset objects unloaded after import = 11

========================================================================
Received Import Request.
  Time since last request: 41.115634 seconds.
  path: Assets/Materials/Brick.mat
  artifactKey: Guid(9d10aee7aed1d8647ae72dbf8c632e54) Importer(2089858483,b0f066a214c2f5e87bad3c948f4d605d)
Start importing Assets/Materials/Brick.mat using Guid(9d10aee7aed1d8647ae72dbf8c632e54) Importer(2089858483,b0f066a214c2f5e87bad3c948f4d605d) (ScriptedImporter) -> (artifact id: '99144954e0af354dd25dfcb62cf80b49') in 0.0243045 seconds
Number of updated asset objects reloaded before import = 0Number of asset objects unloaded after import = 2

========================================================================
Received Import Request.
  Time since last request: 599.873624 seconds.
  path: Assets/Objects/banana/banana.mb
  artifactKey: Guid(4f3df4c8d63f8bb488c15ce7b5d46fd5) Importer(2089858483,b0f066a214c2f5e87bad3c948f4d605d)
Start importing Assets/Objects/banana/banana.mb using Guid(4f3df4c8d63f8bb488c15ce7b5d46fd5) Importer(2089858483,b0f066a214c2f5e87bad3c948f4d605d) (ScriptedImporter) -> (artifact id: 'a6201532394cb0c4efcec069736ea1cc') in 0.0188557 seconds
Number of updated asset objects reloaded before import = 0Number of asset objects unloaded after import = 1

========================================================================
Received Import Request.
  Time since last request: 0.000055 seconds.
  path: Assets/Objects/banana/banana.mtl
  artifactKey: Guid(0496a43b3ce67cf449a651f32bc9c599) Importer(2089858483,b0f066a214c2f5e87bad3c948f4d605d)
Start importing Assets/Objects/banana/banana.mtl using Guid(0496a43b3ce67cf449a651f32bc9c599) Importer(2089858483,b0f066a214c2f5e87bad3c948f4d605d) (ScriptedImporter) -> (artifact id: '09bed9ba3ea70146a9dfc72b509a7363') in 0.0136414 seconds
Number of updated asset objects reloaded before import = 0Number of asset objects unloaded after import = 1

========================================================================
Received Import Request.
  Time since last request: 0.000031 seconds.
  path: Assets/Objects/banana
  artifactKey: Guid(9487e150d91cefc468e93f64fc310664) Importer(2089858483,b0f066a214c2f5e87bad3c948f4d605d)
Start importing Assets/Objects/banana using Guid(9487e150d91cefc468e93f64fc310664) Importer(2089858483,b0f066a214c2f5e87bad3c948f4d605d) (ScriptedImporter) -> (artifact id: '8f0ce6aeba4cab02e693284451388e24') in 0.0093286 seconds
Number of updated asset objects reloaded before import = 0Number of asset objects unloaded after import = 1

========================================================================
Received Import Request.
  Time since last request: 0.000031 seconds.
  path: Assets/Objects/banana/banana.psd
  artifactKey: Guid(6c5e89f2bdb89cb49810987608e4ed96) Importer(2089858483,b0f066a214c2f5e87bad3c948f4d605d)
Start importing Assets/Objects/banana/banana.psd using Guid(6c5e89f2bdb89cb49810987608e4ed96) Importer(2089858483,b0f066a214c2f5e87bad3c948f4d605d) (ScriptedImporter) -> (artifact id: '26304a350d58e0c91478b4c10f82d2ca') in 0.0240291 seconds
Number of updated asset objects reloaded before import = 0Number of asset objects unloaded after import = 1

========================================================================
Received Import Request.
  Time since last request: 0.710637 seconds.
  path: Assets/Objects/banana/banana.png
  artifactKey: Guid(e5912028fa881b34a9b8807d856a2a06) Importer(815301076,1909f56bfc062723c751e8b465ee728b)
Start importing Assets/Objects/banana/banana.png using Guid(e5912028fa881b34a9b8807d856a2a06) Importer(815301076,1909f56bfc062723c751e8b465ee728b) (PreviewImporter) -> (artifact id: '4968268ada17cdee6b41db995b6a3d04') in 0.0325877 seconds
Number of updated asset objects reloaded before import = 0Number of asset objects unloaded after import = 2

========================================================================
Received Import Request.
  Time since last request: 0.000026 seconds.
  path: Assets/Objects/banana/Banana skin texture.jpg
  artifactKey: Guid(6cf009e36481f58449d5076c2532e0eb) Importer(815301076,1909f56bfc062723c751e8b465ee728b)
Start importing Assets/Objects/banana/Banana skin texture.jpg using Guid(6cf009e36481f58449d5076c2532e0eb) Importer(815301076,1909f56bfc062723c751e8b465ee728b) (PreviewImporter) -> (artifact id: '00f24373409cf1183450ec2c5fba7494') in 0.0201399 seconds
Number of updated asset objects reloaded before import = 0Number of asset objects unloaded after import = 2

========================================================================
Received Import Request.
  Time since last request: 0.000033 seconds.
  path: Assets/Objects/banana/banana.psd
  artifactKey: Guid(6c5e89f2bdb89cb49810987608e4ed96) Importer(815301076,1909f56bfc062723c751e8b465ee728b)
Start importing Assets/Objects/banana/banana.psd using Guid(6c5e89f2bdb89cb49810987608e4ed96) Importer(815301076,1909f56bfc062723c751e8b465ee728b) (PreviewImporter) -> (artifact id: '7519b598c4fb6ed1d24a1e4823cbf974') in 0.0252724 seconds
Number of updated asset objects reloaded before import = 0Number of asset objects unloaded after import = 2

========================================================================
Received Import Request.
  Time since last request: 10.002697 seconds.
  path: Assets/Objects/banana/Materials/banana.mat
  artifactKey: Guid(97ac081a58e6ce5429273df622228fa2) Importer(2089858483,b0f066a214c2f5e87bad3c948f4d605d)
Start importing Assets/Objects/banana/Materials/banana.mat using Guid(97ac081a58e6ce5429273df622228fa2) Importer(2089858483,b0f066a214c2f5e87bad3c948f4d605d) (ScriptedImporter) -> (artifact id: '6072eb83765712737708a0e72fba5fa1') in 0.0218169 seconds
Number of updated asset objects reloaded before import = 0Number of asset objects unloaded after import = 2

========================================================================
Received Import Request.
  Time since last request: 476.699682 seconds.
  path: Assets/Objects/Pumpkin/Pumpkin.mtl
  artifactKey: Guid(48d331f164f26db47b54ba9b519f707d) Importer(2089858483,b0f066a214c2f5e87bad3c948f4d605d)
Start importing Assets/Objects/Pumpkin/Pumpkin.mtl using Guid(48d331f164f26db47b54ba9b519f707d) Importer(2089858483,b0f066a214c2f5e87bad3c948f4d605d) (ScriptedImporter) -> (artifact id: '60d6ac57d6f28c8a99306e149087289b') in 0.0156452 seconds
Number of updated asset objects reloaded before import = 0Number of asset objects unloaded after import = 1

========================================================================
Received Import Request.
  Time since last request: 0.000048 seconds.
  path: Assets/Objects/Pumpkin/Green area.JPG
  artifactKey: Guid(5bc57df57f182fc4d9cdd815c03df1e8) Importer(2089858483,b0f066a214c2f5e87bad3c948f4d605d)
Start importing Assets/Objects/Pumpkin/Green area.JPG using Guid(5bc57df57f182fc4d9cdd815c03df1e8) Importer(2089858483,b0f066a214c2f5e87bad3c948f4d605d) (ScriptedImporter) -> (artifact id: 'bdc499322025beecc214340b359dc993') in 0.0172432 seconds
Number of updated asset objects reloaded before import = 0Number of asset objects unloaded after import = 1

========================================================================
Received Import Request.
  Time since last request: 0.000027 seconds.
  path: Assets/Objects/Pumpkin
  artifactKey: Guid(94ec9f810d069004bbdc5a0e92a78072) Importer(2089858483,b0f066a214c2f5e87bad3c948f4d605d)
Start importing Assets/Objects/Pumpkin using Guid(94ec9f810d069004bbdc5a0e92a78072) Importer(2089858483,b0f066a214c2f5e87bad3c948f4d605d) (ScriptedImporter) -> (artifact id: '03fadb1a8d8fdaac08374fc011aeef7b') in 0.0098737 seconds
Number of updated asset objects reloaded before import = 0Number of asset objects unloaded after import = 1

========================================================================
Received Import Request.
  Time since last request: 0.000034 seconds.
  path: Assets/Objects/Pumpkin/Pumpkin.blend
  artifactKey: Guid(e42f06b10649abf4cbbfd35233e016c9) Importer(2089858483,b0f066a214c2f5e87bad3c948f4d605d)
Start importing Assets/Objects/Pumpkin/Pumpkin.blend using Guid(e42f06b10649abf4cbbfd35233e016c9) Importer(2089858483,b0f066a214c2f5e87bad3c948f4d605d) (ScriptedImporter) -> (artifact id: '19c4b18ad5e028bc633e76a2a74ecaf9') in 0.0124118 seconds
Number of updated asset objects reloaded before import = 0Number of asset objects unloaded after import = 1

========================================================================
Received Import Request.
  Time since last request: 11.665585 seconds.
  path: Assets/Objects/Pumpkin/Pumpkin.JPG
  artifactKey: Guid(4ad1f948fd9cb3d4b81cc118bb946879) Importer(815301076,1909f56bfc062723c751e8b465ee728b)
Start importing Assets/Objects/Pumpkin/Pumpkin.JPG using Guid(4ad1f948fd9cb3d4b81cc118bb946879) Importer(815301076,1909f56bfc062723c751e8b465ee728b) (PreviewImporter) -> (artifact id: '3dc3f64ecc90ef97a539fdbbd99e5208') in 0.0209302 seconds
Number of updated asset objects reloaded before import = 0Number of asset objects unloaded after import = 2

========================================================================
Received Import Request.
  Time since last request: 0.000028 seconds.
  path: Assets/Objects/Pumpkin/Pumpkin.obj
  artifactKey: Guid(f5852f37a5a9da64692dbbfed73f924c) Importer(815301076,1909f56bfc062723c751e8b465ee728b)
Start importing Assets/Objects/Pumpkin/Pumpkin.obj using Guid(f5852f37a5a9da64692dbbfed73f924c) Importer(815301076,1909f56bfc062723c751e8b465ee728b) (PreviewImporter) -> (artifact id: '3ca087bb903790aee09386545ab6a9c9') in 0.090015 seconds
Number of updated asset objects reloaded before import = 0Number of asset objects unloaded after import = 14

========================================================================
Received Import Request.
  Time since last request: 64.038972 seconds.
  path: Assets/Objects/Pumpkin/Materials/Pumpkin.mat
  artifactKey: Guid(85d57a4d4f2a74047ad25edfcdc68d44) Importer(2089858483,b0f066a214c2f5e87bad3c948f4d605d)
Start importing Assets/Objects/Pumpkin/Materials/Pumpkin.mat using Guid(85d57a4d4f2a74047ad25edfcdc68d44) Importer(2089858483,b0f066a214c2f5e87bad3c948f4d605d) (ScriptedImporter) -> (artifact id: 'c882e8717835ae80b644bfc28dd66a64') in 0.0256994 seconds
Number of updated asset objects reloaded before import = 0Number of asset objects unloaded after import = 2

========================================================================
Received Import Request.
  Time since last request: 123.072861 seconds.
  path: Assets/Objects/Pumpkin/Materials/Pumpkin.mat
  artifactKey: Guid(85d57a4d4f2a74047ad25edfcdc68d44) Importer(815301076,1909f56bfc062723c751e8b465ee728b)
Start importing Assets/Objects/Pumpkin/Materials/Pumpkin.mat using Guid(85d57a4d4f2a74047ad25edfcdc68d44) Importer(815301076,1909f56bfc062723c751e8b465ee728b) (PreviewImporter) -> (artifact id: '4bed83d4b07fd897f96f61a6b6941fa2') in 0.0261117 seconds
Number of updated asset objects reloaded before import = 0Number of asset objects unloaded after import = 2

========================================================================
Received Import Request.
  Time since last request: 338.848478 seconds.
  path: Assets/Materials/Pumpkin.mat
  artifactKey: Guid(034f3edcc2c2d8a49bb59ff7f0c7fa2e) Importer(815301076,1909f56bfc062723c751e8b465ee728b)
Start importing Assets/Materials/Pumpkin.mat using Guid(034f3edcc2c2d8a49bb59ff7f0c7fa2e) Importer(815301076,1909f56bfc062723c751e8b465ee728b) (PreviewImporter) -> (artifact id: '7124e0d5aade92b819bead0a39abaf67') in 0.0247618 seconds
Number of updated asset objects reloaded before import = 0Number of asset objects unloaded after import = 1

========================================================================
Received Import Request.
  Time since last request: 0.000035 seconds.
  path: Assets/Materials/pumpkin 2.mat
  artifactKey: Guid(501155d70314e844d882348f3b572b99) Importer(815301076,1909f56bfc062723c751e8b465ee728b)
Start importing Assets/Materials/pumpkin 2.mat using Guid(501155d70314e844d882348f3b572b99) Importer(815301076,1909f56bfc062723c751e8b465ee728b) (PreviewImporter) -> (artifact id: '3aedfccf69dcb253010556d4298c3593') in 0.0239224 seconds
Number of updated asset objects reloaded before import = 0Number of asset objects unloaded after import = 2

========================================================================
Received Import Request.
  Time since last request: 1706.202621 seconds.
  path: Assets/Materials/Trap.mat
  artifactKey: Guid(b452b980de9f1174a907095678197759) Importer(2089858483,b0f066a214c2f5e87bad3c948f4d605d)
Start importing Assets/Materials/Trap.mat using Guid(b452b980de9f1174a907095678197759) Importer(2089858483,b0f066a214c2f5e87bad3c948f4d605d) (ScriptedImporter) -> (artifact id: 'bc18c4f8534cba44f4b107dd92d697e0') in 0.027452 seconds
Number of updated asset objects reloaded before import = 0Number of asset objects unloaded after import = 2

========================================================================
Received Import Request.
  Time since last request: 57.459123 seconds.
  path: Assets/Materials/Trap.mat
  artifactKey: Guid(b452b980de9f1174a907095678197759) Importer(815301076,1909f56bfc062723c751e8b465ee728b)
Start importing Assets/Materials/Trap.mat using Guid(b452b980de9f1174a907095678197759) Importer(815301076,1909f56bfc062723c751e8b465ee728b) (PreviewImporter) -> (artifact id: '43101ceb20e34df1917506f7fa03d225') in 0.024317 seconds
Number of updated asset objects reloaded before import = 0Number of asset objects unloaded after import = 2

========================================================================
Received Import Request.
  Time since last request: 771.958978 seconds.
  path: Assets/Materials/elephant.mat
  artifactKey: Guid(a4345e2591998e1408fc660525ce5ec6) Importer(2089858483,b0f066a214c2f5e87bad3c948f4d605d)
Start importing Assets/Materials/elephant.mat using Guid(a4345e2591998e1408fc660525ce5ec6) Importer(2089858483,b0f066a214c2f5e87bad3c948f4d605d) (ScriptedImporter) -> (artifact id: 'af73b095bb15462eb56ea0df6e596e9e') in 0.0156592 seconds
Number of updated asset objects reloaded before import = 0Number of asset objects unloaded after import = 2

========================================================================
Received Import Request.
  Time since last request: 134.628590 seconds.
  path: Assets/Materials/O6YCQ60.mat
  artifactKey: Guid(f8d1b92d9e211b6418432edf21dcb20d) Importer(815301076,1909f56bfc062723c751e8b465ee728b)
Start importing Assets/Materials/O6YCQ60.mat using Guid(f8d1b92d9e211b6418432edf21dcb20d) Importer(815301076,1909f56bfc062723c751e8b465ee728b) (PreviewImporter) -> (artifact id: 'ef3460440b99df9d6b34e1c355da5b4a') in 0.027198 seconds
Number of updated asset objects reloaded before import = 0Number of asset objects unloaded after import = 2

